ip netns exec cl-ns-2 /usr/bin/curl -X GET   --connect-timeout 2 -s -k --show-error -w 'HTTP_VERSION: %{http_version}\n'  -D test_2_curl/response_headers.out.tmp -o test_2_curl/body.out.tmp  http://10.1.2.1:443/  >test_2_curl/extended.out.tmp 2>test_2_curl/error.out.tmp 
