{
    "address": "0.0.0.0",
    "connections": 10,
    "https": false,
    "id": 0,
    "name": "env",
    "object_ref": 10,
    "port": 80,
    "services": [
        {
            "backends": [
                {
                    "address": "10.2.1.1",
                    "connect-time": "#######",
                    "connections": 2,
                    "connections-limit": 2,
                    "https": false,
                    "id": 0,
                    "name": "bck_0",
                    "pending-connections": 0,
                    "port": 80,
                    "priority": 1,
                    "response-time": "#######",
                    "status": "active",
                    "type": 0,
                    "weight": 5
                },
                {
                    "address": "10.2.1.2",
                    "connect-time": "#######",
                    "connections": 2,
                    "connections-limit": 2,
                    "https": false,
                    "id": 1,
                    "name": "bck_1",
                    "pending-connections": 0,
                    "port": 80,
                    "priority": 1,
                    "response-time": "#######",
                    "status": "active",
                    "type": 0,
                    "weight": 5
                }
            ],
            "id": 0,
            "name": "default",
            "priority": 0,
            "sessions": [],
            "status": "active"
        }
    ],
    "status": "active"
}
