ip netns exec cl-ns-1 timeout 1 /usr/bin/openssl s_client -connect 10.1.2.1:443 -tls1 >test_1_openssl/extended.out.tmp 2>/dev/null 
