ip netns exec cl-ns-1 /usr/bin/curl -X POST --data-binary @xss_body.txt  --connect-timeout 2 -s -k --show-error -w 'HTTP_VERSION: %{http_version}\n' -v -D test_7_curl/response_headers.out.tmp -o test_7_curl/body.out.tmp  https://10.1.2.1:80/echo  >test_7_curl/extended.out.tmp 2>test_7_curl/error.out.tmp 
