HTTP/1.0 400 Bad Request
Content-Type: text/html
Content-Length: 17
Expires: now
Pragma: no-cache
Server: zproxy/VERSION
Cache-control: no-cache,no-store

