HTTP/1.1 400 Bad Request
Expires: now
Pragma: no-cache
Server: zproxy/VERSION
Cache-control: no-cache,no-store

