ip netns exec proxy-ns /usr/bin/curl  -X PATCH   --connect-timeout 2 -s -k --show-error -w 'HTTP_VERSION: %{http_version}\n'  -D test_2_reload/response_headers.out.tmp -o test_2_reload/body.out.tmp --unix-socket /tmp/zproxy_ctl.sock "http://localhost/config"  >test_2_reload/extended.out.tmp 2>test_2_reload/error.out.tmp 
