ip netns exec cl-ns-1 /usr/bin/curl  -X GET   --connect-timeout 2 -s -k --show-error -w 'HTTP_VERSION: %{http_version}\n'  -D test_5_curl/response_headers.out.tmp -o test_5_curl/body.out.tmp  "http://10.1.2.1:80/append/this/url"  >test_5_curl/extended.out.tmp 2>test_5_curl/error.out.tmp 
