HTTP/1.0 200 OK
Content-Type: text/html
Content-Length: 982
Expires: now
Pragma: no-cache
Server: zproxy/0.2.5-0
Cache-control: no-cache,no-store

