GET /headers HTTP/1.1
Host: 10.1.2.1:80
User-Agent: curl/7.64.0
Accept: */*
X-Forwarded-For: 5.21.8.2, 10.1.1.1
X-SSL-Cipher: TLSv1.3/TLS_AES_256_GCM_SHA384  TLSv1.3 Kx=any      Au=any  Enc=AESGCM(256) Mac=AEAD


