<html><head><title>Redirect</title></head><body><h1>Redirect</h1><p>You should go to <a href=https://waf.action/phase3>https://waf.action/phase3</a></p></body></html>
