Bck: 1. Added the Location header in the response
