      2 Default response of the backend 1
      2 Default response of the backend 2
