ip netns exec proxy-ns /usr/bin/curl -X GET   --connect-timeout 2 -s -k --show-error -w 'HTTP_VERSION: %{http_version}\n'  -D test_21_ctl/response_headers.out.tmp -o test_21_ctl/body.out.tmp --unix-socket /tmp/functional-tests/env_proxy.socket http://localhost/listener/0 >test_21_ctl/extended.out.tmp 2>test_21_ctl/error.out.tmp 
