Bck: 1. Added the bakcned in the Location header in the response with https protocol
