ip netns exec cl-ns-1 /usr/bin/wrk -c 10 -d 20 -t 2 http://10.1.2.1:80/ &
