HTTP/1.1 200 OK
Server: nginx
Content-Type: application/octet-stream
Transfer-Encoding: chunked
Connection: keep-alive
Backend: bck-1
Request-Uri: /bck-https
Loc-raw: http://10.2.1.1/bck-https
Location: http://10.2.1.1/bck-https
Content-Location: http://10.2.1.1/bck-https/app
Strict-Transport-Security: max-age=21600000

