HTTP/1.1 200 OK
Server: nginx
Content-Type: application/octet-stream
Transfer-Encoding: chunked
Connection: keep-alive
Location: http://zproxy.com/
Content-Location: https://zproxy.com/alt
Proxy: zproxy
RewriteLocation: 0

