HTTP/1.1 200 OK
Server: nginx
Content-Type: application/octet-stream
Transfer-Encoding: chunked
Connection: keep-alive
Backend: bck-2
Request-Uri: /
Loc-raw: http://10.2.1.2/
Location: http://10.1.2.1/removeme/
Content-Location: http://10.1.2.1/removeme//app

