ip netns exec proxy-ns /usr/bin/curl -X GET   --connect-timeout 2 -s -k --show-error -w 'HTTP_VERSION: %{http_version}\n'  -D test_8_ctl/response_headers.out.tmp -o test_8_ctl/body.out.tmp --unix-socket /tmp/zproxy_ctl.sock http://localhost/listener/0/service/default/backends  >test_8_ctl/extended.out.tmp 2>test_8_ctl/error.out.tmp 
