ip netns exec cl-ns-1 /usr/bin/curl -X GET   -H "Host: example.com" --connect-timeout 2 -s -k --show-error -w 'HTTP_VERSION: %{http_version}\n' -D test_9_curl/response_headers.out.tmp -o test_9_curl/body.out.tmp  http://10.1.2.1:80/vhost1/page%20?id%23=test\;example >test_9_curl/extended.out.tmp 2>test_9_curl/error.out.tmp
