     10 
     10 Backend: bck-1
     10 Connection: keep-alive
     10 Content-Type: application/octet-stream
     10 HTTP/1.1 200 OK
     10 Server: nginx
     10 Transfer-Encoding: chunked
