      5 
      5 Backend: bck-2
      5 Connection: keep-alive
      5 Content-Type: application/octet-stream
      5 HTTP/1.1 200 OK
      5 Server: nginx
      5 Transfer-Encoding: chunked
