ip netns exec cl-ns-1 /usr/bin/curl  -X GET   -H "Destination: http://10.1.2.1:80/url" -H "Host: virtual-host" -H "Other-header: header-value" --connect-timeout 2 -s -k --show-error -w 'HTTP_VERSION: %{http_version}\n'  -D test_1_curl/response_headers.out.tmp -o test_1_curl/body.out.tmp  "http://10.1.2.1:80/headers"  >test_1_curl/extended.out.tmp 2>test_1_curl/error.out.tmp 
