ip netns exec cl-ns-1 /usr/bin/curl -X GET   -H "X-Forwarded-For: 10.1.1.5" --connect-timeout 2 -s -k --show-error -w 'HTTP_VERSION: %{http_version}\n' -D test_8_curl/response_headers.out.tmp -o test_8_curl/body.out.tmp  https://10.1.2.1:80/ >test_8_curl/extended.out.tmp 2>test_8_curl/error.out.tmp 
