ip netns exec cl-ns-1 /usr/bin/curl --connect-timeout 2 -s -k -D test_1_curl/response_headers.out.tmp --show-error    -X GET http://10.1.2.1:80/bck-https
