{
    "3xx-code-hits": 0,
    "4xx-code-hits": 1,
    "5xx-code-hits": 0,
    "address": "0.0.0.0",
    "connections": 0,
    "https": false,
    "id": 0,
    "name": "env",
    "pending-connections": 0,
    "port": 80,
    "services": [
        {
            "backends": [
                {
                    "2xx-code-hits": 14,
                    "3xx-code-hits": 0,
                    "4xx-code-hits": 0,
                    "5xx-code-hits": 0,
                    "address": "10.2.1.1",
                    "connect-time": "#######",
                    "connections": 0,
                    "connections-limit": 0,
                    "https": false,
                    "id": "10.2.1.1-80",
                    "pending-connections": 0,
                    "port": 80,
                    "priority": 1,
                    "response-time": "#######",
                    "status": "active",
                    "type": 0,
                    "nfmark": 0,
                    "weight": 1
                }
            ],
            "name": "default",
            "priority": 1,
            "sessions": []
        }
    ],
    "waf-hits": 0
}
