curl: (56) Illegal or missing hexadecimal sequence in chunked-encoding
