ip netns exec proxy-ns /usr/bin/curl -X PUT --data-binary @session1.json  --connect-timeout 2 -s -k --show-error -w 'HTTP_VERSION: %{http_version}\n'  -D test_2_ctl/response_headers.out.tmp -o test_2_ctl/body.out.tmp --unix-socket /tmp/zproxy_ctl.sock http://localhost/listener/0/service/default/sessions  >test_2_ctl/extended.out.tmp 2>test_2_ctl/error.out.tmp 
