HTTP/1.1 201 Created
Content-Type: application/json
Content-Length: #######
Expires: now
Pragma: no-cache
Server: zproxy/VERSION
Cache-control: no-cache,no-store

